###############################################################################
#
# IAR ELF Linker V7.50.2.10312/W32 for ARM                08/May/2017  15:34:40
# Copyright 2007-2015 IAR Systems AB.
#
#    Output file  =  
#        D:\001_Works\001_Working\20161129_Inductive_Sensing\FW\20170406_REV002\IAR\Debug\Exe\IPT_FW_REV002.out
#    Map file     =  
#        D:\001_Works\001_Working\20161129_Inductive_Sensing\FW\20170406_REV002\IAR\Debug\List\IPT_FW_REV002.map
#    Command line =  
#        D:\001_Works\001_Working\20161129_Inductive_Sensing\FW\20170406_REV002\IAR\Debug\Obj\DACX750.o
#        D:\001_Works\001_Working\20161129_Inductive_Sensing\FW\20170406_REV002\IAR\Debug\Obj\Delay.o
#        D:\001_Works\001_Working\20161129_Inductive_Sensing\FW\20170406_REV002\IAR\Debug\Obj\graphic.o
#        D:\001_Works\001_Working\20161129_Inductive_Sensing\FW\20170406_REV002\IAR\Debug\Obj\HW_Config.o
#        D:\001_Works\001_Working\20161129_Inductive_Sensing\FW\20170406_REV002\IAR\Debug\Obj\LDC1612.o
#        D:\001_Works\001_Working\20161129_Inductive_Sensing\FW\20170406_REV002\IAR\Debug\Obj\Main.o
#        D:\001_Works\001_Working\20161129_Inductive_Sensing\FW\20170406_REV002\IAR\Debug\Obj\Menu.o
#        D:\001_Works\001_Working\20161129_Inductive_Sensing\FW\20170406_REV002\IAR\Debug\Obj\misc.o
#        D:\001_Works\001_Working\20161129_Inductive_Sensing\FW\20170406_REV002\IAR\Debug\Obj\SPLC501C.o
#        D:\001_Works\001_Working\20161129_Inductive_Sensing\FW\20170406_REV002\IAR\Debug\Obj\stm32f10x_adc.o
#        D:\001_Works\001_Working\20161129_Inductive_Sensing\FW\20170406_REV002\IAR\Debug\Obj\stm32f10x_flash.o
#        D:\001_Works\001_Working\20161129_Inductive_Sensing\FW\20170406_REV002\IAR\Debug\Obj\stm32f10x_gpio.o
#        D:\001_Works\001_Working\20161129_Inductive_Sensing\FW\20170406_REV002\IAR\Debug\Obj\stm32f10x_i2c.o
#        D:\001_Works\001_Working\20161129_Inductive_Sensing\FW\20170406_REV002\IAR\Debug\Obj\stm32f10x_rcc.o
#        D:\001_Works\001_Working\20161129_Inductive_Sensing\FW\20170406_REV002\IAR\Debug\Obj\stm32f10x_usart.o
#        --redirect _Printf=_PrintfFull --redirect _Scanf=_ScanfFull -o
#        D:\001_Works\001_Working\20161129_Inductive_Sensing\FW\20170406_REV002\IAR\Debug\Exe\IPT_FW_REV002.out
#        --map
#        D:\001_Works\001_Working\20161129_Inductive_Sensing\FW\20170406_REV002\IAR\Debug\List\IPT_FW_REV002.map
#        --config "C:\Program Files (x86)\IAR Systems\Embedded Workbench
#        7.3\arm\config\linker\ST\stm32f103xB.icf" --semihosting --entry
#        __iar_program_start --vfe
#
###############################################################################

*******************************************************************************
*** RUNTIME MODEL ATTRIBUTES
***

CppFlavor                     = *
__Heap_Handler                = Basic
__SystemLibrary               = DLib
__dlib_dynamic_initialization = normal


*******************************************************************************
*** PLACEMENT SUMMARY
***

"A1":  place at 0x08000000 { ro section .intvec };
"P1":  place in [from 0x08000000 to 0x0801ffff] { ro };
"P2":  place in [from 0x20000000 to 0x20004fff] { rw, block CSTACK, block HEAP };

  Section             Kind        Address    Size  Object
  -------             ----        -------    ----  ------
"A1":                                        0x40
  .intvec             ro code  0x08000000    0x40  vector_table_M.o [5]
                             - 0x08000040    0x40

"P1":                                      0x569f
  .text               ro code  0x08000040  0x1166  xprintffull.o [3]
  .text               ro code  0x080011a6    0x20  xmbtowc.o [3]
  .text               ro code  0x080011c6     0xa  xsprout.o [3]
  .text               ro code  0x080011d0    0x16  strchr.o [5]
  .text               ro code  0x080011e6     0x2  vector_table_M.o [5]
  .text               ro code  0x080011e8    0x36  strlen.o [5]
  .rodata             const    0x0800121e     0x1  graphic.o [1]
  .text               ro code  0x08001220    0x58  memchr.o [5]
  .text               ro code  0x08001278     0xa  xmbcurmax.o [3]
  .text               ro code  0x08001284    0xb0  xxmemxmalloc.o [3]
  .text               ro code  0x08001334    0x1a  xwctomb.o [3]
  .text               ro code  0x08001350    0x76  ABImemcpy_unaligned.o [5]
  .text               ro code  0x080013c8    0x80  xxmemxfree.o [3]
  .text               ro code  0x08001448    0xee  I64DivMod.o [5]
  .text               ro code  0x08001536    0x42  xdnorm.o [4]
  .text               ro code  0x08001578    0x2e  DblCmpLe.o [4]
  .text               ro code  0x080015a8    0x2e  DblCmpGe.o [4]
  .text               ro code  0x080015d8   0x10c  xdscale.o [4]
  .text               ro code  0x080016e4    0x58  DblToI32.o [4]
  .text               ro code  0x0800173c    0x30  I32ToDbl.o [4]
  .text               ro code  0x0800176c   0x180  DblSub.o [4]
  .text               ro code  0x080018ec   0x1a2  DblMul.o [4]
  .text               ro code  0x08001a90   0x256  DblDiv.o [4]
  .text               ro code  0x08001ce8    0x6c  localeconv.o [3]
  .text               ro code  0x08001d54     0xe  div.o [3]
  .text               ro code  0x08001d64    0x14  setlocale.o [3]
  .text               ro code  0x08001d78    0x60  xencoding_sb.o [3]
  .text               ro code  0x08001dd8    0x2c  xgetmemchunk.o [3]
  .text               ro code  0x08001e04     0x2  I64DivZer.o [5]
  .text               ro code  0x08001e08    0xd4  DblAdd.o [4]
  .text               ro code  0x08001edc     0x2  xtls.o [3]
  .text               ro code  0x08001ee0   0x800  Main.o [1]
  .text               ro code  0x080026e0    0xd2  stm32f10x_gpio.o [1]
  .text               ro code  0x080027b4   0x1a2  stm32f10x_flash.o [1]
  .text               ro code  0x08002958   0x2ac  HW_Config.o [1]
  .text               ro code  0x08002c04   0x3fc  SPLC501C.o [1]
  .text               ro code  0x08003000   0x33c  LDC1612.o [1]
  .text               ro code  0x0800333c    0x1e  I32ToFlt.o [4]
  .text               ro code  0x0800335c    0x84  FltAdd.o [4]
  .text               ro code  0x080033e0    0xe6  FltSub.o [4]
  .text               ro code  0x080034c8    0xfc  FltDiv.o [4]
  .text               ro code  0x080035c4    0xd8  FltMul.o [4]
  .text               ro code  0x0800369c   0x174  stm32f10x_adc.o [1]
  .text               ro code  0x08003810    0x4e  FltToDbl.o [4]
  .text               ro code  0x08003860    0x90  DblToFlt.o [4]
  .text               ro code  0x080038f0    0x34  sprintf.o [3]
  .text               ro code  0x08003924    0xcc  Delay.o [1]
  .text               ro code  0x080039f0    0xf0  DACX750.o [1]
  .text               ro code  0x08003ae0   0x5c4  Menu.o [1]
  .text               ro code  0x080040a4   0x260  stm32f10x_rcc.o [1]
  .text               ro code  0x08004304    0x14  misc.o [1]
  .text               ro code  0x08004318    0xdc  stm32f10x_usart.o [1]
  .text               ro code  0x080043f4   0x18c  stm32f10x_i2c.o [1]
  .text               ro code  0x08004580    0x9c  graphic.o [1]
  .rodata             const    0x0800461c   0x780  SPLC501C.o [1]
  .rodata             const    0x08004d9c   0x5e4  SPLC501C.o [1]
  .text               ro code  0x08005380    0x40  zero_init3.o [5]
  .text               ro code  0x080053c0    0x38  packbits_init_single.o [5]
  .text               ro code  0x080053f8    0x28  data_init.o [5]
  .iar.init_table     const    0x08005420    0x20  - Linker created -
  .text               ro code  0x08005440    0x1a  cmain.o [5]
  .text               ro code  0x0800545a     0x4  low_level_init.o [3]
  .text               ro code  0x0800545e     0x4  exit.o [3]
  .text               ro code  0x08005464     0xa  cexit.o [5]
  .text               ro code  0x08005470    0x14  exit.o [6]
  .rodata             const    0x08005484    0x18  Main.o [1]
  .rodata             const    0x0800549c    0x18  Main.o [1]
  .rodata             const    0x080054b4    0x14  Main.o [1]
  .rodata             const    0x080054c8    0x14  Main.o [1]
  .rodata             const    0x080054dc    0x14  Main.o [1]
  .rodata             const    0x080054f0    0x14  Main.o [1]
  .rodata             const    0x08005504    0x14  Menu.o [1]
  .rodata             const    0x08005518    0x14  Menu.o [1]
  .rodata             const    0x0800552c    0x14  Menu.o [1]
  .rodata             const    0x08005540    0x10  Menu.o [1]
  .rodata             const    0x08005550    0x10  Menu.o [1]
  .rodata             const    0x08005560    0x10  Menu.o [1]
  .rodata             const    0x08005570    0x10  Menu.o [1]
  .rodata             const    0x08005580    0x10  Menu.o [1]
  .rodata             const    0x08005590    0x10  Menu.o [1]
  .rodata             const    0x080055a0    0x10  Menu.o [1]
  .rodata             const    0x080055b0    0x10  Menu.o [1]
  .rodata             const    0x080055c0    0x10  Menu.o [1]
  .rodata             const    0x080055d0    0x10  Menu.o [1]
  .rodata             const    0x080055e0    0x10  Menu.o [1]
  .rodata             const    0x080055f0     0xc  Main.o [1]
  .rodata             const    0x080055fc     0xc  Main.o [1]
  .rodata             const    0x08005608     0xc  Main.o [1]
  .rodata             const    0x08005614     0xc  Menu.o [1]
  .rodata             const    0x08005620     0xc  Menu.o [1]
  .rodata             const    0x0800562c     0xc  Menu.o [1]
  .rodata             const    0x08005638     0xc  Menu.o [1]
  .text               ro code  0x08005644     0xc  cstartup_M.o [5]
  .rodata             const    0x08005650     0x8  Menu.o [1]
  .rodata             const    0x08005658     0x8  Menu.o [1]
  .rodata             const    0x08005660     0x8  Menu.o [1]
  .rodata             const    0x08005668     0x8  Menu.o [1]
  .rodata             const    0x08005670     0x8  Menu.o [1]
  .rodata             const    0x08005678     0x8  Menu.o [1]
  .rodata             const    0x08005680     0x8  Menu.o [1]
  .rodata             const    0x08005688     0x8  Menu.o [1]
  .rodata             const    0x08005690     0x8  Menu.o [1]
  .rodata             const    0x08005698     0x8  Menu.o [1]
  .rodata             const    0x080056a0     0x8  Menu.o [1]
  .rodata             const    0x080056a8     0x8  Menu.o [1]
  .rodata             const    0x080056b0     0x8  Menu.o [1]
  .rodata             const    0x080056b8     0x8  Menu.o [1]
  .rodata             const    0x080056c0     0x0  zero_init3.o [5]
  .rodata             const    0x080056c0     0x0  packbits_init_single.o [5]
  Initializer bytes   const    0x080056c0    0x1f  <for P2-1>
                             - 0x080056df  0x569f

"P2", part 1 of 3:                          0x110
  P2-1                         0x20000000   0x110  <Init block>
    .data             inited   0x20000000    0x10  stm32f10x_rcc.o [1]
    .data             inited   0x20000010     0x4  stm32f10x_rcc.o [1]
    __DLIB_PERTHREAD  inited   0x20000014    0x88  localeconv.o [3]
    __DLIB_PERTHREAD  inited   0x2000009c    0x74  setlocale.o [3]
                             - 0x20000110   0x110

"P2", part 2 of 3:                         0x1000
  CSTACK                       0x20000110   0x800  <Block>
    CSTACK            uninit   0x20000110   0x800  <Block tail>
  HEAP                         0x20000910   0x800  <Block>
    HEAP              uninit   0x20000910   0x800  <Block tail>
                             - 0x20001110  0x1000

"P2", part 3 of 3:                           0x88
  .bss                zero     0x20001110    0x2c  Menu.o [1]
  .bss                zero     0x2000113c    0x14  Menu.o [1]
  .bss                zero     0x20001150     0x8  Menu.o [1]
  .bss                zero     0x20001158     0x8  xxmemxmalloc.o [3]
  .bss                zero     0x20001160     0x4  Delay.o [1]
  .bss                zero     0x20001164     0x4  Menu.o [1]
  .bss                zero     0x20001168     0x4  Menu.o [1]
  .bss                zero     0x2000116c     0x4  Menu.o [1]
  .bss                zero     0x20001170     0x4  Menu.o [1]
  .bss                zero     0x20001174     0x4  xgetmemchunk.o [3]
  .bss                zero     0x20001178     0x2  Main.o [1]
  .bss                zero     0x2000117a     0x2  Main.o [1]
  .bss                zero     0x2000117c     0x2  Menu.o [1]
  .bss                zero     0x2000117e     0x2  Menu.o [1]
  .bss                zero     0x20001180     0x2  Menu.o [1]
  .bss                zero     0x20001182     0x2  Menu.o [1]
  .bss                zero     0x20001184     0x2  Menu.o [1]
  .bss                zero     0x20001186     0x2  Menu.o [1]
  .bss                zero     0x20001188     0x2  Menu.o [1]
  .bss                zero     0x2000118a     0x2  Menu.o [1]
  .bss                zero     0x2000118c     0x2  Menu.o [1]
  .bss                zero     0x2000118e     0x2  Menu.o [1]
  .bss                zero     0x20001190     0x2  Menu.o [1]
  .bss                zero     0x20001192     0x1  Main.o [1]
  .bss                zero     0x20001193     0x1  Main.o [1]
  .bss                zero     0x20001194     0x1  Menu.o [1]
  .bss                zero     0x20001195     0x1  Menu.o [1]
  .bss                zero     0x20001196     0x1  SPLC501C.o [1]
  .bss                zero     0x20001197     0x1  SPLC501C.o [1]
                             - 0x20001198    0x88


*******************************************************************************
*** INIT TABLE
***

          Address     Size
          -------     ----
Zero (__iar_zero_init3)
    1 destination range, total size 0x88:
          0x20001110   0x88

Copy/packbits (__iar_packbits_init_single3)
    1 source range, total size 0x1f (11% of destination):
          0x080056c0   0x1f
    1 destination range, total size 0x110:
          0x20000000  0x110



*******************************************************************************
*** MODULE SUMMARY
***

    Module                  ro code  ro data  rw data
    ------                  -------  -------  -------
D:\001_Works\001_Working\20161129_Inductive_Sensing\FW\20170406_REV002\IAR\Debug\Obj: [1]
    DACX750.o                   240
    Delay.o                     204                 4
    HW_Config.o                 684
    LDC1612.o                   828
    Main.o                    2 048      164        6
    Menu.o                    1 476      396      112
    SPLC501C.o                1 020    3 428        2
    graphic.o                   156        1
    misc.o                       20
    stm32f10x_adc.o             372
    stm32f10x_flash.o           418
    stm32f10x_gpio.o            210
    stm32f10x_i2c.o             396
    stm32f10x_rcc.o             608        2       20
    stm32f10x_usart.o           220
    -------------------------------------------------
    Total:                    8 900    3 991      144

command line: [2]
    -------------------------------------------------
    Total:

dl7M_tlf.a: [3]
    div.o                        14
    exit.o                        4
    localeconv.o                108       15      136
    low_level_init.o              4
    setlocale.o                  20       14      116
    sprintf.o                    52
    xencoding_sb.o               96
    xgetmemchunk.o               44                 4
    xmbcurmax.o                  10
    xmbtowc.o                    32
    xprintffull.o             4 454
    xsprout.o                    10
    xtls.o                        2
    xwctomb.o                    26
    xxmemxfree.o                128
    xxmemxmalloc.o              176                 8
    -------------------------------------------------
    Total:                    5 180       29      264

m7M_tl.a: [4]
    DblAdd.o                    212
    DblCmpGe.o                   46
    DblCmpLe.o                   46
    DblDiv.o                    598
    DblMul.o                    418
    DblSub.o                    384
    DblToFlt.o                  144
    DblToI32.o                   88
    FltAdd.o                    132
    FltDiv.o                    252
    FltMul.o                    216
    FltSub.o                    230
    FltToDbl.o                   78
    I32ToDbl.o                   48
    I32ToFlt.o                   30
    xdnorm.o                     66
    xdscale.o                   268
    -------------------------------------------------
    Total:                    3 256

rt7M_tl.a: [5]
    ABImemcpy_unaligned.o       118
    I64DivMod.o                 238
    I64DivZer.o                   2
    cexit.o                      10
    cmain.o                      26
    cstartup_M.o                 12
    data_init.o                  40
    memchr.o                     88
    packbits_init_single.o       56
    strchr.o                     22
    strlen.o                     54
    vector_table_M.o             66
    zero_init3.o                 64
    -------------------------------------------------
    Total:                      796

shb_l.a: [6]
    exit.o                       20
    -------------------------------------------------
    Total:                       20

    Gaps                         35
    Linker created                        32    4 096
-----------------------------------------------------
    Grand Total:             18 187    4 052    4 504


*******************************************************************************
*** ENTRY LIST
***

Entry                      Address   Size  Type      Object
-----                      -------   ----  ----      ------
.iar.init_table$$Base   0x08005420          --   Gb  - Linker created -
.iar.init_table$$Limit  0x08005440          --   Gb  - Linker created -
?main                   0x08005441         Code  Gb  cmain.o [5]
ADC1_Configuration      0x08002b53   0x92  Code  Gb  HW_Config.o [1]
ADCPrescTable           0x20000010    0x4  Data  Lc  stm32f10x_rcc.o [1]
ADC_Cmd                 0x080036e7   0x1a  Code  Gb  stm32f10x_adc.o [1]
ADC_GetCalibrationStatus
                        0x08003729   0x14  Code  Gb  stm32f10x_adc.o [1]
ADC_GetConversionValue  0x08003801    0x6  Code  Gb  stm32f10x_adc.o [1]
ADC_GetResetCalibrationStatus
                        0x0800370b   0x14  Code  Gb  stm32f10x_adc.o [1]
ADC_Init                0x0800369d   0x4a  Code  Gb  stm32f10x_adc.o [1]
ADC_RegularChannelConfig
                        0x0800373d   0xc4  Code  Gb  stm32f10x_adc.o [1]
ADC_ResetCalibration    0x08003701    0xa  Code  Gb  stm32f10x_adc.o [1]
ADC_StartCalibration    0x0800371f    0xa  Code  Gb  stm32f10x_adc.o [1]
APBAHBPrescTable        0x20000000   0x10  Data  Lc  stm32f10x_rcc.o [1]
CHK_Button              0x08002153  0x36e  Code  Gb  Main.o [1]
CSTACK$$Base            0x20000110          --   Gb  - Linker created -
CSTACK$$Limit           0x20000910          --   Gb  - Linker created -
Cal_Current             0x080020ff   0x1c  Code  Gb  Main.o [1]
Cal_Distance            0x0800203d   0xae  Code  Gb  Main.o [1]
Cal_Percent             0x080020eb   0x14  Code  Gb  Main.o [1]
DACX750_Configuration   0x08003a99   0x16  Code  Gb  DACX750.o [1]
DAC_Clear               0x08003a7f   0x1a  Code  Gb  DACX750.o [1]
DAC_Current_Out         0x08003aaf   0x26  Code  Gb  DACX750.o [1]
DAC_Reset               0x08003a73    0xc  Code  Gb  DACX750.o [1]
Display_Unit            0x20001194    0x1  Data  Gb  Menu.o [1]
Dsp_Contrast            0x08003c3f   0x3a  Code  Gb  Menu.o [1]
Dsp_Debugging           0x08003dcd  0x1fa  Code  Gb  Menu.o [1]
Dsp_Distance            0x08003b4b   0xf4  Code  Gb  Menu.o [1]
Dsp_Offset              0x08003c79   0xb8  Code  Gb  Menu.o [1]
Dsp_Setting             0x08003d35   0x80  Code  Gb  Menu.o [1]
FLASH_ClearFlag         0x080028e1    0x6  Code  Gb  stm32f10x_flash.o [1]
FLASH_ErasePage         0x08002813   0x58  Code  Gb  stm32f10x_flash.o [1]
FLASH_GetBank1Status    0x080028e7   0x2c  Code  Gb  stm32f10x_flash.o [1]
FLASH_Lock              0x08002801   0x12  Code  Gb  stm32f10x_flash.o [1]
FLASH_PrefetchBufferCmd
                        0x080027cb   0x20  Code  Gb  stm32f10x_flash.o [1]
FLASH_ProgramWord       0x0800286b   0x76  Code  Gb  stm32f10x_flash.o [1]
FLASH_SetLatency        0x080027b5   0x16  Code  Gb  stm32f10x_flash.o [1]
FLASH_Unlock            0x080027eb   0x16  Code  Gb  stm32f10x_flash.o [1]
FLASH_WaitForLastOperation
                        0x08002931   0x26  Code  Gb  stm32f10x_flash.o [1]
GLCD_ClearScreen        0x08002dd5   0x30  Code  Gb  SPLC501C.o [1]
GLCD_GoTo               0x08002da3   0x32  Code  Gb  SPLC501C.o [1]
GLCD_IO_Init            0x08002b1f   0x34  Code  Gb  HW_Config.o [1]
GLCD_Initialize         0x08002d3b   0x68  Code  Gb  SPLC501C.o [1]
GLCD_InitializePorts    0x08002c05   0x58  Code  Gb  SPLC501C.o [1]
GLCD_InvWriteChar5x7    0x08002e39   0x36  Code  Gb  SPLC501C.o [1]
GLCD_InvWriteString5x7  0x08002e85   0x16  Code  Gb  SPLC501C.o [1]
GLCD_Line               0x08004581   0x96  Code  Gb  graphic.o [1]
GLCD_SetPixel           0x08002fa3   0x5e  Code  Gb  SPLC501C.o [1]
GLCD_WriteChar19x24     0x08002e9b   0xd4  Code  Gb  SPLC501C.o [1]
GLCD_WriteChar5x7       0x08002e05   0x34  Code  Gb  SPLC501C.o [1]
GLCD_WriteCommand       0x08002cc7   0x74  Code  Gb  SPLC501C.o [1]
GLCD_WriteData          0x08002c5d   0x6a  Code  Gb  SPLC501C.o [1]
GLCD_WriteString19x24   0x08002f8d   0x16  Code  Gb  SPLC501C.o [1]
GLCD_WriteString5x7     0x08002e6f   0x16  Code  Gb  SPLC501C.o [1]
GPIO_Configuration      0x080029d9   0x8e  Code  Gb  HW_Config.o [1]
GPIO_Init               0x080026e1   0xc0  Code  Gb  stm32f10x_gpio.o [1]
GPIO_ReadInputData      0x080027a1    0x6  Code  Gb  stm32f10x_gpio.o [1]
GPIO_ResetBits          0x080027ad    0x6  Code  Gb  stm32f10x_gpio.o [1]
GPIO_SetBits            0x080027a7    0x6  Code  Gb  stm32f10x_gpio.o [1]
Get_Config              0x0800309f    0xa  Code  Gb  LDC1612.o [1]
Get_Divider             0x080030df    0xc  Code  Gb  LDC1612.o [1]
Get_Error_Config        0x080030b5    0xa  Code  Gb  LDC1612.o [1]
Get_IDreive             0x08003143    0xc  Code  Gb  LDC1612.o [1]
Get_MUX                 0x0800315f    0xa  Code  Gb  LDC1612.o [1]
Get_Offset              0x0800317d    0xc  Code  Gb  LDC1612.o [1]
Get_RCount              0x0800311f    0xc  Code  Gb  LDC1612.o [1]
Get_SettleCount         0x080030ff    0xc  Code  Gb  LDC1612.o [1]
Get_Status              0x080030bf    0xa  Code  Gb  LDC1612.o [1]
Get_System_Mode         0x08001f03   0x10  Code  Gb  Main.o [1]
HEAP$$Base              0x20000910          --   Gb  - Linker created -
HEAP$$Limit             0x20001110          --   Gb  - Linker created -
I2C1_Init               0x08002adf   0x40  Code  Gb  HW_Config.o [1]
I2C_AcknowledgeConfig   0x08004519   0x1c  Code  Gb  stm32f10x_i2c.o [1]
I2C_CheckEvent          0x08004557   0x2a  Code  Gb  stm32f10x_i2c.o [1]
I2C_Cmd                 0x080044c5   0x1c  Code  Gb  stm32f10x_i2c.o [1]
I2C_GenerateSTART       0x080044e1   0x1c  Code  Gb  stm32f10x_i2c.o [1]
I2C_GenerateSTOP        0x080044fd   0x1c  Code  Gb  stm32f10x_i2c.o [1]
I2C_Init                0x080043f5   0xc4  Code  Gb  stm32f10x_i2c.o [1]
I2C_ReceiveData         0x0800453b    0x6  Code  Gb  stm32f10x_i2c.o [1]
I2C_Send7bitAddress     0x08004541   0x16  Code  Gb  stm32f10x_i2c.o [1]
I2C_SendData            0x08004535    0x6  Code  Gb  stm32f10x_i2c.o [1]
LCD                     0x2000113c   0x14  Data  Gb  Menu.o [1]
LCD_DefaultScreen       0x08003ae1   0x6a  Code  Gb  Menu.o [1]
LDC_Init                0x0800302b   0x64  Code  Gb  LDC1612.o [1]
LoadInt                 0x0800068f   0x6e  Code  Lc  xprintffull.o [3]
NVIC_Configuration      0x080029cb    0xe  Code  Gb  HW_Config.o [1]
NVIC_SetPriority        0x08003925   0x22  Code  Lc  Delay.o [1]
NVIC_SetVectorTable     0x08004305    0xc  Code  Gb  misc.o [1]
NVIC_SystemReset        0x08001ee1   0x22  Code  Lc  Main.o [1]
Offset_Setting          0x08003189   0x2a  Code  Gb  LDC1612.o [1]
RCC_ADCCLKConfig        0x0800417d   0x12  Code  Gb  stm32f10x_rcc.o [1]
RCC_APB1PeriphClockCmd  0x08004269   0x20  Code  Gb  stm32f10x_rcc.o [1]
RCC_APB2PeriphClockCmd  0x08004249   0x20  Code  Gb  stm32f10x_rcc.o [1]
RCC_Configuration       0x08002959   0x72  Code  Gb  HW_Config.o [1]
RCC_DeInit              0x080040a5   0x60  Code  Gb  stm32f10x_rcc.o [1]
RCC_GetClocksFreq       0x0800418f   0xba  Code  Gb  stm32f10x_rcc.o [1]
RCC_GetFlagStatus       0x08004289   0x3e  Code  Gb  stm32f10x_rcc.o [1]
RCC_GetSYSCLKSource     0x0800413b    0xa  Code  Gb  stm32f10x_rcc.o [1]
RCC_HCLKConfig          0x08004145   0x12  Code  Gb  stm32f10x_rcc.o [1]
RCC_HSICmd              0x08004105    0x8  Code  Gb  stm32f10x_rcc.o [1]
RCC_PCLK1Config         0x08004157   0x12  Code  Gb  stm32f10x_rcc.o [1]
RCC_PCLK2Config         0x08004169   0x14  Code  Gb  stm32f10x_rcc.o [1]
RCC_PLLCmd              0x08004121    0x8  Code  Gb  stm32f10x_rcc.o [1]
RCC_PLLConfig           0x0800410d   0x14  Code  Gb  stm32f10x_rcc.o [1]
RCC_SYSCLKConfig        0x08004129   0x12  Code  Gb  stm32f10x_rcc.o [1]
Read_Data               0x080031b3   0xce  Code  Gb  LDC1612.o [1]
Read_Flash_Data         0x08001f13   0x46  Code  Gb  Main.o [1]
Read_LDC                0x08002009   0x34  Code  Gb  Main.o [1]
Read_Temperature        0x0800211b   0x38  Code  Gb  Main.o [1]
Region$$Table$$Base     0x08005420          --   Gb  - Linker created -
Region$$Table$$Limit    0x08005440          --   Gb  - Linker created -
Set_Config              0x0800308f   0x10  Code  Gb  LDC1612.o [1]
Set_Divider             0x080030c9   0x16  Code  Gb  LDC1612.o [1]
Set_Error_Config        0x080030a9    0xc  Code  Gb  LDC1612.o [1]
Set_IDrive              0x0800312b   0x18  Code  Gb  LDC1612.o [1]
Set_MUX                 0x0800314f   0x10  Code  Gb  LDC1612.o [1]
Set_Offset              0x08003169   0x14  Code  Gb  LDC1612.o [1]
Set_RCount              0x0800310b   0x14  Code  Gb  LDC1612.o [1]
Set_SettleCount         0x080030eb   0x14  Code  Gb  LDC1612.o [1]
SleepMode_Control       0x08003001   0x2a  Code  Gb  LDC1612.o [1]
SysTick_Config          0x08003947   0x2e  Code  Lc  Delay.o [1]
SysTick_Handler         0x080039c5   0x14  Code  Gb  Delay.o [1]
System_Mode_Check       0x08001fc9   0x40  Code  Gb  Main.o [1]
Systick_Init            0x08003975   0x22  Code  Gb  Delay.o [1]
TimingDelay             0x20001160    0x4  Data  Lc  Delay.o [1]
USART1_Init             0x08002a67   0x78  Code  Gb  HW_Config.o [1]
USART_Cmd               0x080043d9   0x1c  Code  Gb  stm32f10x_usart.o [1]
USART_Init              0x08004319   0xba  Code  Gb  stm32f10x_usart.o [1]
Write_DAC_Data          0x08003a37   0x3c  Code  Gb  DACX750.o [1]
Write_Data              0x08003281   0x9c  Code  Gb  LDC1612.o [1]
Write_Flash_Data        0x08001f59   0x70  Code  Gb  Main.o [1]
Write_SPI               0x080039f1   0x46  Code  Gb  DACX750.o [1]
_EncodingSb_Mbtowc      0x08001d93   0x30  Code  Gb  xencoding_sb.o [3]
_EncodingSb_Wctomb      0x08001d79   0x1a  Code  Gb  xencoding_sb.o [3]
_GenldFull              0x08000f13  0x24c  Code  Lc  xprintffull.o [3]
_IsdstStr               0x200000a0    0x4  Data  Gb  setlocale.o [3]
_LdtobFull              0x08000b11  0x3fc  Code  Lc  xprintffull.o [3]
_LitobFull              0x08000a09  0x106  Code  Lc  xprintffull.o [3]
_LocaleEncoding         0x08001d65    0xe  Code  Gb  setlocale.o [3]
_LocaleReturnString     0x200000c0   0x50  Data  Lc  setlocale.o [3]
_Locale_Profile         0x200000a4   0x1c  Data  Gb  setlocale.o [3]
_Locale_aeabi_lconv     0x20000064   0x38  Data  Gb  localeconv.o [3]
_Locale_lconv           0x20000014   0x50  Data  Gb  localeconv.o [3]
_Mbtowc                 0x080011a7   0x20  Code  Gb  xmbtowc.o [3]
_PrintfFull             0x08000041  0x638  Code  Gb  xprintffull.o [3]
_PutcharsFull           0x0800115f   0x2e  Code  Lc  xprintffull.o [3]
_PutstrFull             0x080006fd  0x306  Code  Lc  xprintffull.o [3]
_SProut                 0x080011c7    0xa  Code  Gb  xsprout.o [3]
_TzoneStr               0x2000009c    0x4  Data  Gb  setlocale.o [3]
_Wctomb                 0x08001335   0x1a  Code  Gb  xwctomb.o [3]
__aeabi_cdcmple         0x08001579         Code  Gb  DblCmpLe.o [4]
__aeabi_cdrcmple        0x080015a9         Code  Gb  DblCmpGe.o [4]
__aeabi_d2f             0x08003861         Code  Gb  DblToFlt.o [4]
__aeabi_d2iz            0x080016e5         Code  Gb  DblToI32.o [4]
__aeabi_d2uiz           0x08001711         Code  Gb  DblToI32.o [4]
__aeabi_ddiv            0x08001a91         Code  Gb  DblDiv.o [4]
__aeabi_dmul            0x080018ed         Code  Gb  DblMul.o [4]
__aeabi_dsub            0x0800176d         Code  Gb  DblSub.o [4]
__aeabi_f2d             0x08003811         Code  Gb  FltToDbl.o [4]
__aeabi_fadd            0x0800335d         Code  Gb  FltAdd.o [4]
__aeabi_fdiv            0x080034c9         Code  Gb  FltDiv.o [4]
__aeabi_fmul            0x080035c5         Code  Gb  FltMul.o [4]
__aeabi_fsub            0x080033e1         Code  Gb  FltSub.o [4]
__aeabi_i2d             0x0800173d         Code  Gb  I32ToDbl.o [4]
__aeabi_ldiv0           0x08001e05         Code  Gb  I64DivZer.o [5]
__aeabi_ui2d            0x08001751         Code  Gb  I32ToDbl.o [4]
__aeabi_ui2f            0x0800333d         Code  Gb  I32ToFlt.o [4]
__aeabi_uldivmod        0x08001449         Code  Gb  I64DivMod.o [5]
__cmain                 0x08005441         Code  Gb  cmain.o [5]
__data_Aldata           0x20001158    0x8  Data  Gb  xxmemxmalloc.o [3]
__data_GetMemChunk      0x08001dd9   0x2c  Code  Gb  xgetmemchunk.o [3]
__exit                  0x08005471   0x14  Code  Gb  exit.o [6]
__iar_Dnorm             0x08001537   0x42  Code  Gb  xdnorm.o [4]
__iar_Dscale            0x080015d9  0x10c  Code  Gb  xdscale.o [4]
__iar_Locale_lconv_init
                        0x08001ce9   0x3a  Code  Gb  localeconv.o [3]
__iar_Mbcurmax          0x08001279    0xa  Code  Gb  xmbcurmax.o [3]
__iar_Memchr            0x08001221         Code  Gb  memchr.o [5]
__iar_Strchr            0x080011d1         Code  Gb  strchr.o [5]
__iar_d2uiz             0x0800171d         Code  Gb  DblToI32.o [4]
__iar_dadd              0x08001e09         Code  Gb  DblAdd.o [4]
__iar_data_init3        0x080053f9   0x28  Code  Gb  data_init.o [5]
__iar_dlib_perthread_access
                        0x08001edd    0x2  Code  Gb  xtls.o [3]
__iar_dsub              0x08001781         Code  Gb  DblSub.o [4]
__iar_dsubStart         0x08001793         Code  Gb  DblSub.o [4]
__iar_fadd              0x0800336d         Code  Gb  FltAdd.o [4]
__iar_fsub              0x080033f1         Code  Gb  FltSub.o [4]
__iar_fsubStart         0x08003401         Code  Gb  FltSub.o [4]
__iar_packbits_init_single3
                        0x080053c1   0x38  Code  Gb  packbits_init_single.o [5]
__iar_program_start     0x08005645         Code  Gb  cstartup_M.o [5]
__iar_ui2d              0x08001755         Code  Gb  I32ToDbl.o [4]
__iar_ui2f              0x08003341         Code  Gb  I32ToFlt.o [4]
__iar_unaligned___aeabi_memcpy
                        0x08001351         Code  Gb  ABImemcpy_unaligned.o [5]
__iar_unaligned___aeabi_memcpy4
                        0x08001371         Code  Gb  ABImemcpy_unaligned.o [5]
__iar_unaligned___aeabi_memcpy8
                        0x08001371         Code  Gb  ABImemcpy_unaligned.o [5]
__iar_zero_init3        0x08005381   0x40  Code  Gb  zero_init3.o [5]
__low_level_init        0x0800545b    0x4  Code  Gb  low_level_init.o [3]
__vector_table          0x08000000         Data  Gb  vector_table_M.o [5]
_call_main              0x0800544d         Code  Gb  cmain.o [5]
_exit                   0x08005465         Code  Gb  cexit.o [5]
_main                   0x08005457         Code  Gb  cmain.o [5]
color                   0x0800121e    0x1  Data  Gb  graphic.o [1]
config                  0x2000117e    0x2  Data  Gb  Menu.o [1]
current                 0x2000116c    0x4  Data  Gb  Menu.o [1]
debugPage               0x20001190    0x2  Data  Gb  Menu.o [1]
delay_ms                0x08003997   0x14  Code  Gb  Delay.o [1]
delay_us                0x080039ab   0x1a  Code  Gb  Delay.o [1]
distance                0x20001168    0x4  Data  Gb  Menu.o [1]
div                     0x08001d55    0xe  Code  Gb  div.o [3]
divider                 0x20001180    0x2  Data  Gb  Menu.o [1]
dpMode                  0x20001178    0x2  Data  Gb  Main.o [1]
error_conf              0x20001186    0x2  Data  Gb  Menu.o [1]
exit                    0x0800545f    0x4  Code  Gb  exit.o [3]
font19x24               0x08004d9c  0x5e4  Data  Gb  SPLC501C.o [1]
font5x7                 0x0800461c  0x780  Data  Lc  SPLC501C.o [1]
free                    0x080013c9   0x7a  Code  Gb  xxmemxfree.o [3]
glcd_x                  0x20001196    0x1  Data  Gb  SPLC501C.o [1]
glcd_y                  0x20001197    0x1  Data  Gb  SPLC501C.o [1]
i_drive                 0x2000118a    0x2  Data  Gb  Menu.o [1]
index                   0x20001192    0x1  Data  Gb  Main.o [1]
lcd_contract            0x20001193    0x1  Data  Gb  Main.o [1]
ldc                     0x20001110   0x2c  Data  Gb  Menu.o [1]
ldc_data                0x20001164    0x4  Data  Gb  Menu.o [1]
localeconv              0x08001d23   0x16  Code  Gb  localeconv.o [3]
main                    0x080024c1  0x190  Code  Gb  Main.o [1]
malloc                  0x08001285   0xac  Code  Gb  xxmemxmalloc.o [3]
memchr                  0x08001221         Code  Gb  memchr.o [5]
mux_conf                0x20001188    0x2  Data  Gb  Menu.o [1]
offset                  0x2000118e    0x2  Data  Gb  Menu.o [1]
offset_arr              0x20001150    0x8  Data  Gb  Menu.o [1]
percent                 0x20001170    0x4  Data  Gb  Menu.o [1]
position                0x2000117c    0x2  Data  Gb  Menu.o [1]
rcount                  0x20001184    0x2  Data  Gb  Menu.o [1]
reloadFlag              0x20001195    0x1  Data  Gb  Menu.o [1]
settlecount             0x20001182    0x2  Data  Gb  Menu.o [1]
sprintf                 0x080038f1   0x34  Code  Gb  sprintf.o [3]
status                  0x2000118c    0x2  Data  Gb  Menu.o [1]
strchr                  0x080011d1         Code  Gb  strchr.o [5]
strlen                  0x080011e9         Code  Gb  strlen.o [5]
sysMode                 0x2000117a    0x2  Data  Gb  Main.o [1]


[1] = D:\001_Works\001_Working\20161129_Inductive_Sensing\FW\20170406_REV002\IAR\Debug\Obj
[2] = command line
[3] = dl7M_tlf.a
[4] = m7M_tl.a
[5] = rt7M_tl.a
[6] = shb_l.a

  18 187 bytes of readonly  code memory
   4 052 bytes of readonly  data memory
   4 504 bytes of readwrite data memory

Errors: none
Warnings: none
