###############################################################################
#
# IAR ELF Linker V7.50.2.10312/W32 for ARM                09/Mar/2017  17:37:55
# Copyright 2007-2015 IAR Systems AB.
#
#    Output file  =  
#        D:\001_Works\001_Working\20161129_Inductive_Sensing\FW\20161212_REV001\IAR\Debug\Exe\LDC_FW_REV001.out
#    Map file     =  
#        D:\001_Works\001_Working\20161129_Inductive_Sensing\FW\20161212_REV001\IAR\Debug\List\LDC_FW_REV001.map
#    Command line =  
#        D:\001_Works\001_Working\20161129_Inductive_Sensing\FW\20161212_REV001\IAR\Debug\Obj\AdcLib.o
#        D:\001_Works\001_Working\20161129_Inductive_Sensing\FW\20161212_REV001\IAR\Debug\Obj\ClkLib.o
#        D:\001_Works\001_Working\20161129_Inductive_Sensing\FW\20161212_REV001\IAR\Debug\Obj\DacLib.o
#        D:\001_Works\001_Working\20161129_Inductive_Sensing\FW\20161212_REV001\IAR\Debug\Obj\Delay.o
#        D:\001_Works\001_Working\20161129_Inductive_Sensing\FW\20161212_REV001\IAR\Debug\Obj\DioLib.o
#        D:\001_Works\001_Working\20161129_Inductive_Sensing\FW\20161212_REV001\IAR\Debug\Obj\FeeLib.o
#        D:\001_Works\001_Working\20161129_Inductive_Sensing\FW\20161212_REV001\IAR\Debug\Obj\Flash.o
#        D:\001_Works\001_Working\20161129_Inductive_Sensing\FW\20161212_REV001\IAR\Debug\Obj\GptLib.o
#        D:\001_Works\001_Working\20161129_Inductive_Sensing\FW\20161212_REV001\IAR\Debug\Obj\graphic.o
#        D:\001_Works\001_Working\20161129_Inductive_Sensing\FW\20161212_REV001\IAR\Debug\Obj\I2cLib.o
#        D:\001_Works\001_Working\20161129_Inductive_Sensing\FW\20161212_REV001\IAR\Debug\Obj\IntLib.o
#        D:\001_Works\001_Working\20161129_Inductive_Sensing\FW\20161212_REV001\IAR\Debug\Obj\LDC1612.o
#        D:\001_Works\001_Working\20161129_Inductive_Sensing\FW\20161212_REV001\IAR\Debug\Obj\LDC_FW.o
#        D:\001_Works\001_Working\20161129_Inductive_Sensing\FW\20161212_REV001\IAR\Debug\Obj\Menu.o
#        D:\001_Works\001_Working\20161129_Inductive_Sensing\FW\20161212_REV001\IAR\Debug\Obj\SPLC501C.o
#        D:\001_Works\001_Working\20161129_Inductive_Sensing\FW\20161212_REV001\IAR\Debug\Obj\startup_ADuCM360.o
#        D:\001_Works\001_Working\20161129_Inductive_Sensing\FW\20161212_REV001\IAR\Debug\Obj\UrtLib.o
#        D:\001_Works\001_Working\20161129_Inductive_Sensing\FW\20161212_REV001\IAR\Debug\Obj\WdtLib.o
#        -o
#        D:\001_Works\001_Working\20161129_Inductive_Sensing\FW\20161212_REV001\IAR\Debug\Exe\LDC_FW_REV001.out
#        --map
#        D:\001_Works\001_Working\20161129_Inductive_Sensing\FW\20161212_REV001\IAR\Debug\List\LDC_FW_REV001.map
#        --config "C:\Program Files (x86)\IAR Systems\Embedded Workbench
#        7.3\arm\config\linker\AnalogDevices\ADuCM360.icf" --semihosting
#        --entry __iar_program_start --vfe
#
###############################################################################

*******************************************************************************
*** RUNTIME MODEL ATTRIBUTES
***

CppFlavor       = *
__SystemLibrary = DLib


*******************************************************************************
*** PLACEMENT SUMMARY
***

"A1":  place at 0x00000000 { ro section .intvec };
"P1":  place in [from 0x00000000 to 0x0001ffff] { ro };
"P2":  place in [from 0x20000000 to 0x20001fff] { rw, block CSTACK, block HEAP };

  Section          Kind        Address    Size  Object
  -------          ----        -------    ----  ------
"A1":                                     0xe0
  .intvec          ro code  0x00000000    0xe0  startup_ADuCM360.o [1]
                          - 0x000000e0    0xe0

"P1":                                   0x42e0
  .text            ro code  0x000000e0   0xbfa  xprintflarge_nomb.o [3]
  .text            ro code  0x00000cda     0xa  xsprout.o [3]
  .text            ro code  0x00000ce4    0x16  strchr.o [5]
  .rodata          const    0x00000cfa     0x1  graphic.o [1]
  .text            ro code  0x00000cfc    0x36  strlen.o [5]
  .text            ro code  0x00000d34    0x58  memchr.o [5]
  .text            ro code  0x00000d8c    0xee  I64DivMod.o [5]
  .text            ro code  0x00000e7c    0x76  ABImemcpy_unaligned.o [5]
  .text            ro code  0x00000ef2    0x42  xdnorm.o [4]
  .text            ro code  0x00000f34    0x2e  DblCmpLe.o [4]
  .text            ro code  0x00000f64   0x1a2  DblMul.o [4]
  .text            ro code  0x00001108   0x256  DblDiv.o [4]
  .text            ro code  0x00001360    0x2c  DblToI32.o [4]
  .text            ro code  0x0000138c    0x1c  I32ToDbl.o [4]
  .text            ro code  0x000013a8   0x180  DblSub.o [4]
  .text            ro code  0x00001528     0xe  div.o [3]
  .text            ro code  0x00001538     0x2  I64DivZer.o [5]
  .text            ro code  0x0000153c    0xd4  DblAdd.o [4]
  .text            ro code  0x00001610   0x934  LDC_FW.o [1]
  .text            ro code  0x00001f44    0x88  Delay.o [1]
  .text            ro code  0x00001fcc   0x420  LDC1612.o [1]
  .text            ro code  0x000023ec   0x5b0  Menu.o [1]
  .text            ro code  0x0000299c    0x4e  FltToDbl.o [4]
  .text            ro code  0x000029ec    0x20  WdtLib.o [1]
  .text            ro code  0x00002a0c    0x60  ClkLib.o [1]
  .text            ro code  0x00002a6c    0x2c  DioLib.o [1]
  .text            ro code  0x00002a98    0x54  Flash.o [1]
  .text            ro code  0x00002aec    0x74  FeeLib.o [1]
  .text            ro code  0x00002b60   0x3d0  SPLC501C.o [1]
  .text            ro code  0x00002f30    0x34  sprintf.o [3]
  .text            ro code  0x00002f64    0x1e  I32ToFlt.o [4]
  .text            ro code  0x00002f84    0x84  FltAdd.o [4]
  .text            ro code  0x00003008    0xe6  FltSub.o [4]
  .text            ro code  0x000030f0    0xfc  FltDiv.o [4]
  .text            ro code  0x000031ec    0xd8  FltMul.o [4]
  .text            ro code  0x000032c4    0x24  FltCmpLe.o [4]
  .text            ro code  0x000032e8    0x24  FltCmpGe.o [4]
  .text            ro code  0x0000330c    0x2c  GptLib.o [1]
  .text            ro code  0x00003338    0x9c  graphic.o [1]
  .rodata          const    0x000033d4   0x780  SPLC501C.o [1]
  .rodata          const    0x00003b54   0x5e4  SPLC501C.o [1]
  .text            ro code  0x00004138    0x40  zero_init3.o [5]
  .text            ro code  0x00004178    0x28  data_init.o [5]
  .iar.init_table  const    0x000041a0    0x10  - Linker created -
  .text            ro code  0x000041b0    0x1a  cmain.o [5]
  .text            ro code  0x000041ca     0x4  low_level_init.o [3]
  .text            ro code  0x000041ce     0x4  exit.o [3]
  .text            ro code  0x000041d4     0xa  cexit.o [5]
  .text            ro code  0x000041e0    0x14  exit.o [6]
  .rodata          const    0x000041f4    0x14  LDC_FW.o [1]
  .rodata          const    0x00004208    0x14  LDC_FW.o [1]
  .rodata          const    0x0000421c    0x14  Menu.o [1]
  .rodata          const    0x00004230    0x14  Menu.o [1]
  .rodata          const    0x00004244    0x14  Menu.o [1]
  .rodata          const    0x00004258    0x10  Menu.o [1]
  .rodata          const    0x00004268    0x10  Menu.o [1]
  .rodata          const    0x00004278    0x10  Menu.o [1]
  .rodata          const    0x00004288    0x10  Menu.o [1]
  .rodata          const    0x00004298    0x10  Menu.o [1]
  .rodata          const    0x000042a8    0x10  Menu.o [1]
  .rodata          const    0x000042b8    0x10  Menu.o [1]
  .rodata          const    0x000042c8    0x10  Menu.o [1]
  .rodata          const    0x000042d8    0x10  Menu.o [1]
  .rodata          const    0x000042e8    0x10  Menu.o [1]
  .rodata          const    0x000042f8     0xc  LDC_FW.o [1]
  .rodata          const    0x00004304     0xc  LDC_FW.o [1]
  .rodata          const    0x00004310     0xc  Menu.o [1]
  .rodata          const    0x0000431c     0xc  Menu.o [1]
  .rodata          const    0x00004328     0xc  Menu.o [1]
  .rodata          const    0x00004334     0xc  Menu.o [1]
  .text            ro code  0x00004340     0xc  cstartup_M.o [5]
  .rodata          const    0x0000434c     0x8  Menu.o [1]
  .rodata          const    0x00004354     0x8  Menu.o [1]
  .rodata          const    0x0000435c     0x8  Menu.o [1]
  .rodata          const    0x00004364     0x8  Menu.o [1]
  .rodata          const    0x0000436c     0x8  Menu.o [1]
  .rodata          const    0x00004374     0x8  Menu.o [1]
  .rodata          const    0x0000437c     0x8  Menu.o [1]
  .rodata          const    0x00004384     0x8  Menu.o [1]
  .rodata          const    0x0000438c     0x8  Menu.o [1]
  .rodata          const    0x00004394     0x8  Menu.o [1]
  .rodata          const    0x0000439c     0x8  Menu.o [1]
  .rodata          const    0x000043a4     0x8  Menu.o [1]
  .rodata          const    0x000043ac     0x8  Menu.o [1]
  .rodata          const    0x000043b4     0x8  Menu.o [1]
  .text            ro code  0x000043bc     0x4  startup_ADuCM360.o [1]
  .rodata          const    0x000043c0     0x0  zero_init3.o [5]
                          - 0x000043c0  0x42e0

"P2", part 1 of 2:                        0xf4
  .bss             zero     0x20000000    0x78  LDC_FW.o [1]
  .bss             zero     0x20000078    0x2c  Menu.o [1]
  .bss             zero     0x200000a4    0x14  Menu.o [1]
  .bss             zero     0x200000b8     0x8  Menu.o [1]
  .bss             zero     0x200000c0     0x4  Delay.o [1]
  .bss             zero     0x200000c4     0x4  Menu.o [1]
  .bss             zero     0x200000c8     0x4  Menu.o [1]
  .bss             zero     0x200000cc     0x4  Menu.o [1]
  .bss             zero     0x200000d0     0x4  Menu.o [1]
  .bss             zero     0x200000d4     0x2  Menu.o [1]
  .bss             zero     0x200000d6     0x2  Menu.o [1]
  .bss             zero     0x200000d8     0x2  Menu.o [1]
  .bss             zero     0x200000da     0x2  Menu.o [1]
  .bss             zero     0x200000dc     0x2  Menu.o [1]
  .bss             zero     0x200000de     0x2  Menu.o [1]
  .bss             zero     0x200000e0     0x2  Menu.o [1]
  .bss             zero     0x200000e2     0x2  Menu.o [1]
  .bss             zero     0x200000e4     0x2  Menu.o [1]
  .bss             zero     0x200000e6     0x2  Menu.o [1]
  .bss             zero     0x200000e8     0x2  Menu.o [1]
  .bss             zero     0x200000ea     0x1  LDC_FW.o [1]
  .bss             zero     0x200000eb     0x1  LDC_FW.o [1]
  .bss             zero     0x200000ec     0x1  LDC_FW.o [1]
  .bss             zero     0x200000ed     0x1  LDC_FW.o [1]
  .bss             zero     0x200000ee     0x1  Menu.o [1]
  .bss             zero     0x200000ef     0x1  Menu.o [1]
  .bss             zero     0x200000f0     0x1  SPLC501C.o [1]
  .bss             zero     0x200000f1     0x1  SPLC501C.o [1]
                          - 0x200000f2    0xf2

"P2", part 2 of 2:                       0x400
  CSTACK                    0x200000f8   0x400  <Block>
    CSTACK         uninit   0x200000f8   0x400  <Block tail>
                          - 0x200004f8   0x400


*******************************************************************************
*** INIT TABLE
***

          Address     Size
          -------     ----
Zero (__iar_zero_init3)
    1 destination range, total size 0xf2:
          0x20000000  0xf2



*******************************************************************************
*** MODULE SUMMARY
***

    Module                 ro code  ro data  rw data
    ------                 -------  -------  -------
D:\001_Works\001_Working\20161129_Inductive_Sensing\FW\20161212_REV001\IAR\Debug\Obj: [1]
    ClkLib.o                    96
    Delay.o                    136                 4
    DioLib.o                    44
    FeeLib.o                   116
    Flash.o                     84
    GptLib.o                    44
    LDC1612.o                1 056
    LDC_FW.o                 2 356       64      124
    Menu.o                   1 456      380      112
    SPLC501C.o                 976    3 428        2
    WdtLib.o                    32
    graphic.o                  156        1
    startup_ADuCM360.o         228
    ------------------------------------------------
    Total:                   6 780    3 873      242

command line: [2]
    ------------------------------------------------
    Total:

dl7M_tln.a: [3]
    div.o                       14
    exit.o                       4
    low_level_init.o             4
    sprintf.o                   52
    xprintflarge_nomb.o      3 066
    xsprout.o                   10
    ------------------------------------------------
    Total:                   3 150

m7M_tl.a: [4]
    DblAdd.o                   212
    DblCmpLe.o                  46
    DblDiv.o                   598
    DblMul.o                   418
    DblSub.o                   384
    DblToI32.o                  44
    FltAdd.o                   132
    FltCmpGe.o                  36
    FltCmpLe.o                  36
    FltDiv.o                   252
    FltMul.o                   216
    FltSub.o                   230
    FltToDbl.o                  78
    I32ToDbl.o                  28
    I32ToFlt.o                  30
    xdnorm.o                    66
    ------------------------------------------------
    Total:                   2 806

rt7M_tl.a: [5]
    ABImemcpy_unaligned.o      118
    I64DivMod.o                238
    I64DivZer.o                  2
    cexit.o                     10
    cmain.o                     26
    cstartup_M.o                12
    data_init.o                 40
    memchr.o                    88
    strchr.o                    22
    strlen.o                    54
    zero_init3.o                64
    ------------------------------------------------
    Total:                     674

shb_l.a: [6]
    exit.o                      20
    ------------------------------------------------
    Total:                      20

    Gaps                        25
    Linker created                       16    1 024
----------------------------------------------------
    Grand Total:            13 455    3 889    1 266


*******************************************************************************
*** ENTRY LIST
***

Entry                      Address   Size  Type      Object
-----                      -------   ----  ----      ------
.iar.init_table$$Base   0x000041a0          --   Gb  - Linker created -
.iar.init_table$$Limit  0x000041b0          --   Gb  - Linker created -
?main                   0x000041b1         Code  Gb  cmain.o [5]
ACK_Check               0x00002215   0x46  Code  Gb  LDC1612.o [1]
ACK_Out                 0x0000225b   0x1a  Code  Gb  LDC1612.o [1]
Bit_Write               0x000021d7   0x3e  Code  Gb  LDC1612.o [1]
CHK_Button              0x00001b6b  0x354  Code  Gb  LDC_FW.o [1]
CSTACK$$Base            0x200000f8          --   Gb  - Linker created -
CSTACK$$Limit           0x200004f8          --   Gb  - Linker created -
CUR_Output              0x00001a69   0xcc  Code  Gb  LDC_FW.o [1]
Cal_Distance            0x000019bb   0xae  Code  Gb  LDC_FW.o [1]
Cal_Percent             0x00001b35   0x36  Code  Gb  LDC_FW.o [1]
ClkCfg                  0x00002a0d   0x20  Code  Gb  ClkLib.o [1]
ClkDis                  0x00002a59    0x8  Code  Gb  ClkLib.o [1]
ClkSel                  0x00002a2d   0x2c  Code  Gb  ClkLib.o [1]
Clock_Initialize        0x0000176f   0x28  Code  Gb  LDC_FW.o [1]
DIO_INIT                0x00002183   0x14  Code  Gb  LDC1612.o [1]
DIO_Initialize          0x00001797   0x68  Code  Gb  LDC_FW.o [1]
DioCfg                  0x00002a6d    0x6  Code  Gb  DioLib.o [1]
DioClr                  0x00002a8f    0xa  Code  Gb  DioLib.o [1]
DioOce                  0x00002a7f    0x6  Code  Gb  DioLib.o [1]
DioOen                  0x00002a73    0x6  Code  Gb  DioLib.o [1]
DioPul                  0x00002a79    0x6  Code  Gb  DioLib.o [1]
DioRd                   0x00002a85    0x4  Code  Gb  DioLib.o [1]
DioSet                  0x00002a89    0x6  Code  Gb  DioLib.o [1]
Display_Unit            0x200000ee    0x1  Data  Gb  Menu.o [1]
Dsp_Contrast            0x00002619   0x2e  Code  Gb  Menu.o [1]
Dsp_Debugging           0x000026e5  0x1e0  Code  Gb  Menu.o [1]
Dsp_Distance            0x00002457  0x106  Code  Gb  Menu.o [1]
Dsp_Offset              0x0000255d   0xbc  Code  Gb  Menu.o [1]
Dsp_Setting             0x0000264d   0x80  Code  Gb  Menu.o [1]
End_Condition           0x000021b7   0x20  Code  Gb  LDC1612.o [1]
FeePErs                 0x00002aed   0x32  Code  Gb  FeeLib.o [1]
FeeSta                  0x00002b41    0x8  Code  Gb  FeeLib.o [1]
FeeWrEn                 0x00002b1f   0x22  Code  Gb  FeeLib.o [1]
FlashData               0x20000000   0x78  Data  Gb  LDC_FW.o [1]
GLCD_ClearScreen        0x00002d07   0x30  Code  Gb  SPLC501C.o [1]
GLCD_GoTo               0x00002cd5   0x32  Code  Gb  SPLC501C.o [1]
GLCD_Initialize         0x00002c6d   0x68  Code  Gb  SPLC501C.o [1]
GLCD_InitializePorts    0x00002b61   0x4c  Code  Gb  SPLC501C.o [1]
GLCD_InvWriteChar5x7    0x00002d6b   0x36  Code  Gb  SPLC501C.o [1]
GLCD_InvWriteString5x7  0x00002db7   0x16  Code  Gb  SPLC501C.o [1]
GLCD_Line               0x00003339   0x96  Code  Gb  graphic.o [1]
GLCD_SetPixel           0x00002ed3   0x5e  Code  Gb  SPLC501C.o [1]
GLCD_WriteChar19x24     0x00002dcd   0xd4  Code  Gb  SPLC501C.o [1]
GLCD_WriteChar5x7       0x00002d37   0x34  Code  Gb  SPLC501C.o [1]
GLCD_WriteCommand       0x00002c09   0x64  Code  Gb  SPLC501C.o [1]
GLCD_WriteData          0x00002bad   0x5c  Code  Gb  SPLC501C.o [1]
GLCD_WriteString19x24   0x00002ebd   0x16  Code  Gb  SPLC501C.o [1]
GLCD_WriteString5x7     0x00002da1   0x16  Code  Gb  SPLC501C.o [1]
GP_Tmr0_Int_Handler     0x00001fab   0x18  Code  Gb  Delay.o [1]
Get_Config              0x0000206f    0xa  Code  Gb  LDC1612.o [1]
Get_Divider             0x000020af    0xc  Code  Gb  LDC1612.o [1]
Get_Error_Config        0x00002085    0xa  Code  Gb  LDC1612.o [1]
Get_IDreive             0x00002113    0xc  Code  Gb  LDC1612.o [1]
Get_MUX                 0x0000212f    0xa  Code  Gb  LDC1612.o [1]
Get_Offset              0x0000214d    0xc  Code  Gb  LDC1612.o [1]
Get_RCount              0x000020ef    0xc  Code  Gb  LDC1612.o [1]
Get_SettleCount         0x000020cf    0xc  Code  Gb  LDC1612.o [1]
Get_Status              0x0000208f    0xa  Code  Gb  LDC1612.o [1]
Get_System_Mode         0x0000193b   0x14  Code  Gb  LDC_FW.o [1]
GptCfg                  0x0000330d   0x20  Code  Gb  GptLib.o [1]
GptClrInt               0x00003333    0x6  Code  Gb  GptLib.o [1]
GptLd                   0x0000332d    0x6  Code  Gb  GptLib.o [1]
LCD                     0x200000a4   0x14  Data  Gb  Menu.o [1]
LCD_DefaultScreen       0x000023ed   0x6a  Code  Gb  Menu.o [1]
LDC_Init                0x00001ff7   0x68  Code  Gb  LDC1612.o [1]
LoadInt                 0x00000659   0x6e  Code  Lc  xprintflarge_nomb.o [3]
NVIC_DisableIRQ         0x00001627   0x16  Code  Lc  LDC_FW.o [1]
NVIC_EnableIRQ          0x00001f45   0x14  Code  Lc  Delay.o [1]
NVIC_EnableIRQ          0x00001611   0x16  Code  Lc  LDC_FW.o [1]
Offset_Setting          0x00002159   0x2a  Code  Gb  LDC1612.o [1]
ReadFromFlash           0x00002ad3   0x1a  Code  Gb  Flash.o [1]
Read_Data               0x000022d9  0x10c  Code  Gb  LDC1612.o [1]
Read_Eeprom             0x000017ff   0x68  Code  Gb  LDC_FW.o [1]
Read_LDC                0x00001951   0x6a  Code  Gb  LDC_FW.o [1]
Region$$Table$$Base     0x000041a0          --   Gb  - Linker created -
Region$$Table$$Limit    0x000041b0          --   Gb  - Linker created -
Set_Config              0x0000205f   0x10  Code  Gb  LDC1612.o [1]
Set_Divider             0x00002099   0x16  Code  Gb  LDC1612.o [1]
Set_Error_Config        0x00002079    0xc  Code  Gb  LDC1612.o [1]
Set_IDrive              0x000020fb   0x18  Code  Gb  LDC1612.o [1]
Set_MUX                 0x0000211f   0x10  Code  Gb  LDC1612.o [1]
Set_Offset              0x00002139   0x14  Code  Gb  LDC1612.o [1]
Set_RCount              0x000020db   0x14  Code  Gb  LDC1612.o [1]
Set_SettleCount         0x000020bb   0x14  Code  Gb  LDC1612.o [1]
SleepMode_Control       0x00001fcd   0x2a  Code  Gb  LDC1612.o [1]
Start_Condition         0x00002197   0x20  Code  Gb  LDC1612.o [1]
System_Mode_Check       0x000018df   0x5c  Code  Gb  LDC_FW.o [1]
Timer_Init              0x00001f59   0x20  Code  Gb  Delay.o [1]
Timer_Start             0x00001f79    0xa  Code  Gb  Delay.o [1]
UART_Initialize         0x0000194f    0x2  Code  Gb  LDC_FW.o [1]
WatchDog_Initialize     0x00001761    0xe  Code  Gb  LDC_FW.o [1]
WdtCfg                  0x000029ed   0x1c  Code  Gb  WdtLib.o [1]
WriteToFlash            0x00002a99   0x3a  Code  Gb  Flash.o [1]
Write_Data              0x00002275   0x64  Code  Gb  LDC1612.o [1]
Write_Eeprom            0x00001867   0x78  Code  Gb  LDC_FW.o [1]
_GenldLargeNoMb         0x00000a4d  0x246  Code  Lc  xprintflarge_nomb.o [3]
_LdtobLargeNoMb         0x000007cd  0x27a  Code  Lc  xprintflarge_nomb.o [3]
_LitobLargeNoMb         0x000006c7  0x106  Code  Lc  xprintflarge_nomb.o [3]
_PrintfLargeNoMb        0x000000e1  0x572  Code  Gb  xprintflarge_nomb.o [3]
_PutcharsLargeNoMb      0x00000c93   0x2e  Code  Lc  xprintflarge_nomb.o [3]
_SProut                 0x00000cdb    0xa  Code  Gb  xsprout.o [3]
__aeabi_cdcmple         0x00000f35         Code  Gb  DblCmpLe.o [4]
__aeabi_cfcmple         0x000032c5         Code  Gb  FltCmpLe.o [4]
__aeabi_cfrcmple        0x000032e9         Code  Gb  FltCmpGe.o [4]
__aeabi_d2uiz           0x00001361         Code  Gb  DblToI32.o [4]
__aeabi_ddiv            0x00001109         Code  Gb  DblDiv.o [4]
__aeabi_dmul            0x00000f65         Code  Gb  DblMul.o [4]
__aeabi_dsub            0x000013a9         Code  Gb  DblSub.o [4]
__aeabi_f2d             0x0000299d         Code  Gb  FltToDbl.o [4]
__aeabi_fadd            0x00002f85         Code  Gb  FltAdd.o [4]
__aeabi_fdiv            0x000030f1         Code  Gb  FltDiv.o [4]
__aeabi_fmul            0x000031ed         Code  Gb  FltMul.o [4]
__aeabi_fsub            0x00003009         Code  Gb  FltSub.o [4]
__aeabi_ldiv0           0x00001539         Code  Gb  I64DivZer.o [5]
__aeabi_ui2d            0x0000138d         Code  Gb  I32ToDbl.o [4]
__aeabi_ui2f            0x00002f65         Code  Gb  I32ToFlt.o [4]
__aeabi_uldivmod        0x00000d8d         Code  Gb  I64DivMod.o [5]
__cmain                 0x000041b1         Code  Gb  cmain.o [5]
__exit                  0x000041e1   0x14  Code  Gb  exit.o [6]
__iar_Dnorm             0x00000ef3   0x42  Code  Gb  xdnorm.o [4]
__iar_Memchr            0x00000d35         Code  Gb  memchr.o [5]
__iar_Strchr            0x00000ce5         Code  Gb  strchr.o [5]
__iar_d2uiz             0x0000136d         Code  Gb  DblToI32.o [4]
__iar_dadd              0x0000153d         Code  Gb  DblAdd.o [4]
__iar_data_init3        0x00004179   0x28  Code  Gb  data_init.o [5]
__iar_dsub              0x000013bd         Code  Gb  DblSub.o [4]
__iar_dsubStart         0x000013cf         Code  Gb  DblSub.o [4]
__iar_fadd              0x00002f95         Code  Gb  FltAdd.o [4]
__iar_fsub              0x00003019         Code  Gb  FltSub.o [4]
__iar_fsubStart         0x00003029         Code  Gb  FltSub.o [4]
__iar_program_start     0x00004341         Code  Gb  cstartup_M.o [5]
__iar_ui2d              0x00001391         Code  Gb  I32ToDbl.o [4]
__iar_ui2f              0x00002f69         Code  Gb  I32ToFlt.o [4]
__iar_unaligned___aeabi_memcpy
                        0x00000e7d         Code  Gb  ABImemcpy_unaligned.o [5]
__iar_unaligned___aeabi_memcpy4
                        0x00000e9d         Code  Gb  ABImemcpy_unaligned.o [5]
__iar_unaligned___aeabi_memcpy8
                        0x00000e9d         Code  Gb  ABImemcpy_unaligned.o [5]
__iar_zero_init3        0x00004139   0x40  Code  Gb  zero_init3.o [5]
__low_level_init        0x000041cb    0x4  Code  Gb  low_level_init.o [3]
__vector_table          0x00000000         Data  Gb  startup_ADuCM360.o [1]
_call_main              0x000041bd         Code  Gb  cmain.o [5]
_exit                   0x000041d5         Code  Gb  cexit.o [5]
_main                   0x000041c7         Code  Gb  cmain.o [5]
color                   0x00000cfa    0x1  Data  Gb  graphic.o [1]
config                  0x200000d6    0x2  Data  Gb  Menu.o [1]
current                 0x200000cc    0x4  Data  Gb  Menu.o [1]
debugPage               0x200000e8    0x2  Data  Gb  Menu.o [1]
delay_ms                0x00001f9b   0x10  Code  Gb  Delay.o [1]
delay_us                0x00001f85   0x16  Code  Gb  Delay.o [1]
distance                0x200000c8    0x4  Data  Gb  Menu.o [1]
div                     0x00001529    0xe  Code  Gb  div.o [3]
divider                 0x200000d8    0x2  Data  Gb  Menu.o [1]
dly_cnt                 0x200000c0    0x4  Data  Gb  Delay.o [1]
dpMode                  0x200000ea    0x1  Data  Gb  LDC_FW.o [1]
error_conf              0x200000de    0x2  Data  Gb  Menu.o [1]
exit                    0x000041cf    0x4  Code  Gb  exit.o [3]
font19x24               0x00003b54  0x5e4  Data  Gb  SPLC501C.o [1]
font5x7                 0x000033d4  0x780  Data  Lc  SPLC501C.o [1]
glcd_x                  0x200000f0    0x1  Data  Gb  SPLC501C.o [1]
glcd_y                  0x200000f1    0x1  Data  Gb  SPLC501C.o [1]
i_drive                 0x200000e2    0x2  Data  Gb  Menu.o [1]
index                   0x200000ec    0x1  Data  Gb  LDC_FW.o [1]
lcd_contract            0x200000ed    0x1  Data  Gb  LDC_FW.o [1]
ldc                     0x20000078   0x2c  Data  Gb  Menu.o [1]
ldc_data                0x200000c4    0x4  Data  Gb  Menu.o [1]
main                    0x0000163d  0x124  Code  Gb  LDC_FW.o [1]
memchr                  0x00000d35         Code  Gb  memchr.o [5]
mux_conf                0x200000e0    0x2  Data  Gb  Menu.o [1]
offset                  0x200000e6    0x2  Data  Gb  Menu.o [1]
offset_arr              0x200000b8    0x8  Data  Gb  Menu.o [1]
percent                 0x200000d0    0x4  Data  Gb  Menu.o [1]
position                0x200000d4    0x2  Data  Gb  Menu.o [1]
rcount                  0x200000dc    0x2  Data  Gb  Menu.o [1]
reloadFlag              0x200000ef    0x1  Data  Gb  Menu.o [1]
settlecount             0x200000da    0x2  Data  Gb  Menu.o [1]
sprintf                 0x00002f31   0x34  Code  Gb  sprintf.o [3]
status                  0x200000e4    0x2  Data  Gb  Menu.o [1]
strchr                  0x00000ce5         Code  Gb  strchr.o [5]
strlen                  0x00000cfd         Code  Gb  strlen.o [5]
sysMode                 0x200000eb    0x1  Data  Gb  LDC_FW.o [1]


[1] = D:\001_Works\001_Working\20161129_Inductive_Sensing\FW\20161212_REV001\IAR\Debug\Obj
[2] = command line
[3] = dl7M_tln.a
[4] = m7M_tl.a
[5] = rt7M_tl.a
[6] = shb_l.a

  13 455 bytes of readonly  code memory
   3 889 bytes of readonly  data memory
   1 266 bytes of readwrite data memory

Errors: none
Warnings: none
